src/app/(Dashboard)/profile/components/NotificationSettings.tsx(3,24): error TS2307: Cannot find module '@/components/ui/switch' or its corresponding type declarations.
